PHP 8.3.6 (cli) (built: May 25 2026 13:12:06) (NTS)
# dimensions: 80x24 (80x24)
# example: dashboard
---
[38;2;135;75;253m╭────────────────────────────────────────────────────────────────────────────────╮[0m
[38;2;135;75;253m│[0m                                                                                [38;2;135;75;253m│[0m
[38;2;135;75;253m│[0m SugarDash Dashboard                                                            [38;2;135;75;253m│[0m
[38;2;135;75;253m│[0m Welcome to the TUI                                                             [38;2;135;75;253m│[0m
[38;2;135;75;253m│[0m                                                                                [38;2;135;75;253m│[0m
[38;2;135;75;253m│[0m                                                                                [38;2;135;75;253m│[0m
[38;2;135;75;253m│[0m                                                                                [38;2;135;75;253m│[0m
[38;2;135;75;253m│[0m                                                                                [38;2;135;75;253m│[0m
[38;2;135;75;253m│[0m                                                                                [38;2;135;75;253m│[0m
[38;2;135;75;253m│[0m                                                                                [38;2;135;75;253m│[0m
[38;2;135;75;253m│[0m                                                                                [38;2;135;75;253m│[0m
[38;2;135;75;253m│[0m                                                                                [38;2;135;75;253m│[0m
[38;2;135;75;253m│[0m                                                                                [38;2;135;75;253m│[0m
[38;2;135;75;253m│[0m                                                                                [38;2;135;75;253m│[0m
[38;2;135;75;253m│[0m                                                                                [38;2;135;75;253m│[0m
[38;2;135;75;253m│[0m                                                                                [38;2;135;75;253m│[0m
[38;2;135;75;253m│[0m                                                                                [38;2;135;75;253m│[0m
[38;2;135;75;253m│[0m                                                                                [38;2;135;75;253m│[0m
[38;2;135;75;253m│[0m                                                                                [38;2;135;75;253m│[0m
[38;2;135;75;253m│[0m                                                                                [38;2;135;75;253m│[0m
[38;2;135;75;253m│[0m                                                                                [38;2;135;75;253m│[0m
[38;2;135;75;253m│[0m                                                                                [38;2;135;75;253m│[0m
[38;2;135;75;253m│[0m                                                                                [38;2;135;75;253m│[0m
[38;2;135;75;253m│[0m                                                                                [38;2;135;75;253m│[0m
[38;2;135;75;253m╰────────────────────────────────────────────────────────────────────────────────╯[0m
Column 2 Panel