PHP 8.3.6 (cli) (built: May 25 2026 13:12:06) (NTS)
# dimensions: 80x24 (80x24)
# example: footer
---
                                                                                
                                                                                
                                                                                
                                                                                
                                                                                
                                                                                
                                                                                
                                                                                
                                                                                
                                                                                
                                                                                
                                                                                
                                                                                
                                                                                
                                                                                
                                                                                
                                                                                
                                                                                
                                                                                
                                                                                
                                                                                
                                                                                
[38;2;135;75;253m────────────────────────────────────────────────────────────────────────────────[0m
                  © 2026 SugarCraft Inc.. All rights reserved.                  