PHP 8.3.6 (cli) (built: Mar 20 2026 02:32:55) (NTS)
# dimensions: 80x24 (80x24)
# example: modal
---
                                                                                
                                                                                
                                                                                
                                                                                
                                                                                
                                                                                
                                                                                
                                                                                
                                                                                
                                                                                
                                                                                
                                                                                
                                                                                
                                                                                
                                                                                
                                                                                
                                                                                
                                                                                
        [38;2;135;75;253m┌──────────────────────────────────────────────────────────── × ┐        
        │Modal Dialog Content                                          │        
        └──────────────────────────────────────────────────────────────┘[0m        
                                                                                
                                                                                
                                                                                