PHP 8.3.6 (cli) (built: Mar 20 2026 02:32:55) (NTS)
# dimensions: 80x24 (80x24)
# example: navbar
---
Dashboard [38;2;135;75;253mHome[0m  [38;2;160;160;176mAbout[0m  [38;2;160;160;176mContact[0m                                                  
[38;2;135;75;253m────────────────────────────────────────────────────────────────────────────────[0m