PHP 8.3.6 (cli) (built: May 25 2026 13:12:06) (NTS)
# dimensions: 80x24 (80x24)
# example: tableBordered
---
[38;2;69;71;90m┌──────────┬──────────┬──────────┐[0m
[38;2;205;214;244m[48;2;49;50;68m│          │          │          │[0m[0m
[38;2;69;71;90m├──────────┼──────────┼──────────┤[0m
[38;2;69;71;90m└──────────┴──────────┴──────────┘[0m