PHP 8.3.6 (cli) (built: May 25 2026 13:12:06) (NTS)
# dimensions: 120x40 (120x40)
# example: dashboard
---
[38;2;135;75;253m╭────────────────────────────────────────────────────────────╮[0mColumn 2 Panel
[38;2;135;75;253m│[0m                                                            [38;2;135;75;253m│[0m              
[38;2;135;75;253m│[0m SugarDash Dashboard                                        [38;2;135;75;253m│[0m              
[38;2;135;75;253m│[0m Welcome to the TUI                                         [38;2;135;75;253m│[0m              
[38;2;135;75;253m│[0m                                                            [38;2;135;75;253m│[0m              
[38;2;135;75;253m│[0m                                                            [38;2;135;75;253m│[0m              
[38;2;135;75;253m│[0m                                                            [38;2;135;75;253m│[0m              
[38;2;135;75;253m│[0m                                                            [38;2;135;75;253m│[0m              
[38;2;135;75;253m│[0m                                                            [38;2;135;75;253m│[0m              
[38;2;135;75;253m│[0m                                                            [38;2;135;75;253m│[0m              
[38;2;135;75;253m│[0m                                                            [38;2;135;75;253m│[0m              
[38;2;135;75;253m│[0m                                                            [38;2;135;75;253m│[0m              
[38;2;135;75;253m│[0m                                                            [38;2;135;75;253m│[0m              
[38;2;135;75;253m│[0m                                                            [38;2;135;75;253m│[0m              
[38;2;135;75;253m│[0m                                                            [38;2;135;75;253m│[0m              
[38;2;135;75;253m│[0m                                                            [38;2;135;75;253m│[0m              
[38;2;135;75;253m│[0m                                                            [38;2;135;75;253m│[0m              
[38;2;135;75;253m│[0m                                                            [38;2;135;75;253m│[0m              
[38;2;135;75;253m│[0m                                                            [38;2;135;75;253m│[0m              
[38;2;135;75;253m│[0m                                                            [38;2;135;75;253m│[0m              
[38;2;135;75;253m│[0m                                                            [38;2;135;75;253m│[0m              
[38;2;135;75;253m│[0m                                                            [38;2;135;75;253m│[0m              
[38;2;135;75;253m│[0m                                                            [38;2;135;75;253m│[0m              
[38;2;135;75;253m│[0m                                                            [38;2;135;75;253m│[0m              
[38;2;135;75;253m│[0m                                                            [38;2;135;75;253m│[0m              
[38;2;135;75;253m│[0m                                                            [38;2;135;75;253m│[0m              
[38;2;135;75;253m│[0m                                                            [38;2;135;75;253m│[0m              
[38;2;135;75;253m│[0m                                                            [38;2;135;75;253m│[0m              
[38;2;135;75;253m│[0m                                                            [38;2;135;75;253m│[0m              
[38;2;135;75;253m│[0m                                                            [38;2;135;75;253m│[0m              
[38;2;135;75;253m│[0m                                                            [38;2;135;75;253m│[0m              
[38;2;135;75;253m│[0m                                                            [38;2;135;75;253m│[0m              
[38;2;135;75;253m│[0m                                                            [38;2;135;75;253m│[0m              
[38;2;135;75;253m│[0m                                                            [38;2;135;75;253m│[0m              
[38;2;135;75;253m│[0m                                                            [38;2;135;75;253m│[0m              
[38;2;135;75;253m│[0m                                                            [38;2;135;75;253m│[0m              
[38;2;135;75;253m│[0m                                                            [38;2;135;75;253m│[0m              
[38;2;135;75;253m│[0m                                                            [38;2;135;75;253m│[0m              
[38;2;135;75;253m│[0m                                                            [38;2;135;75;253m│[0m              
[38;2;135;75;253m│[0m                                                            [38;2;135;75;253m│[0m              
[38;2;135;75;253m│[0m                                                            [38;2;135;75;253m│[0m              
[38;2;135;75;253m╰────────────────────────────────────────────────────────────╯[0m              