PHP 8.3.6 (cli) (built: Mar 20 2026 02:32:55) (NTS)
# dimensions: 120x40 (120x40)
# example: jumbotron
---
[38;2;63;63;70m┌────────────────────────────┐[0m
│          [38;2;250;250;250mWelcome![0m          │
│ [38;2;161;161;170mTo our awesome application[0m │

[38;2;63;63;70m└────────────────────────────┘[0m