PHP 8.3.6 (cli) (built: May 25 2026 13:12:06) (NTS)
# dimensions: 120x40 (120x40)
# example: testimonial
---
[38;2;167;139;250m────────────────────────────────────────────────────────────────────────────────────────────────────────────────────────[0m
[38;2;250;250;250m
  「 
[0m
[38;2;250;250;250m
  Excellent product, highly recommended!                                                                              
[0m
[38;2;250;250;250m
  」 
[0m
[38;2;250;250;250m
— Jane Smith,                                                                                                         
[0m
[38;2;161;161;170m
CEO at Company                                                                                                          
[0m
[38;2;167;139;250m────────────────────────────────────────────────────────────────────────────────────────────────────────────────────────[0m