PHP 8.3.6 (cli) (built: May 25 2026 13:12:06) (NTS)
# dimensions: 120x40 (120x40)
# example: textarea
---
[38;2;107;114;128m┌────────────────────────────────────────────────┐
[38;2;249;250;251m│ Multi-line text area content.                  │
[38;2;249;250;251m│                                                │
[38;2;249;250;251m│                                                │
[38;2;249;250;251m│                                                │
[38;2;249;250;251m│                                                │
[38;2;107;114;128m└────────────────────────────────────────────────┘[0m[0m